[generative.ink/index.html]
[backblue.gif]
[fade.gif]
[index.html]
[generative.ink/main.3dfef3cae7b3dfd1c284fb47788fe6ccafa6d6dc72cd526044630ea8448e3524.css]
[generative.ink/apple-touch-icon.1.delayed]
[generative.ink/favicon-32x32.2.delayed]
[generative.ink/favicon-16x16.3.delayed]
[generative.ink/site.webmanifest]
[generative.ink/safari-pinned-tab.5.delayed]
[generative.ink/favicon.6.delayed]
[generative.ink/index.xml]
[generative.ink/images/home/rolling_phase.gif]
[generative.ink/trees/index.html]
[generative.ink/posts/index.html]
[generative.ink/prophecies/index.html]
[generative.ink/about/index.html]
[generative.ink/index.html]
[generative.ink/bundle.min.dc716e9092c9820b77f96da294d0120aeeb189b5bcea9752309ebea27fd53bbe6b13cffb2aca8ecf32525647ceb7001f76091de4199ac5a3caa432c070247f5b.js]
[generative.ink/fonts/Inter-UI-Regular.woff2]
[generative.ink/fonts/Inter-UI-Italic.woff2]
[generative.ink/fonts/Inter-UI-Italic.woff]
[generative.ink/fonts/Inter-UI-Medium.woff2]
[generative.ink/fonts/Inter-UI-Regular.woff]
[generative.ink/fonts/Inter-UI-Medium.woff]
[generative.ink/fonts/Inter-UI-MediumItalic.woff2]
[generative.ink/fonts/Inter-UI-MediumItalic.woff]
[generative.ink/fonts/Inter-UI-Bold.woff2]
[generative.ink/fonts/Inter-UI-Bold.woff]
[generative.ink/fonts/Inter-UI-BoldItalic.woff2]
[generative.ink/main.3dfef3cae7b3dfd1c284fb47788fe6ccafa6d6dc72cd526044630ea8448e3524.css]
[generative.ink/apple-touch-icon.html]
[generative.ink/favicon-32x32.html]
[generative.ink/favicon-16x16.html]
[generative.ink/safari-pinned-tab.html]
[generative.ink/favicon.html]
[generative.ink/fonts/Inter-UI-BoldItalic.woff]
[generative.ink/curation/banner2.png]
[generative.ink/categories/hitl/index.html]
[generative.ink/posts/quantifying-curation/index.html]
[generative.ink/posts/index.xml]
[generative.ink/loom/banner.png]
[generative.ink/categories/gpt-3/index.html]
[generative.ink/categories/bayes/index.html]
[generative.ink/posts/gpt-3-on-coherent-extrapolated-volition/index.html]
[generative.ink/museum/museumbanner2.png]
[generative.ink/categories/alignment/index.html]
[generative.ink/posts/list-sorting-does-not-play-well-with-few-shot/index.html]
[generative.ink/alchemicalmarriage/alchbanner2.png]
[generative.ink/categories/prompt-engineering/index.html]
[generative.ink/categories/benchmarks/index.html]
[generative.ink/posts/language-models-are-0-shot-interpreters/index.html]
[generative.ink/worldbuilding/worldbuilding.png]
[generative.ink/categories/interpretability/index.html]
[generative.ink/posts/loom-interface-to-the-multiverse/index.html]
[generative.ink/years/yearsbanner.png]
[generative.ink/categories/prototypes/index.html]
[generative.ink/posts/this-museum-does-not-exist-gpt-3-x-clip/index.html]
[generative.ink/categories/clip/index.html]
[generative.ink/clipart/clipartbanner.png]
[generative.ink/categories/gpt-3-x-clip/index.html]
[generative.ink/posts/gpt-3-x-clip-worldbuilding/index.html]
[generative.ink/posts/alchemical-marriage-gpt-3-x-clip/index.html]
[generative.ink/multiverse/multiverse_banner_large.png]
[generative.ink/categories/fiction/index.html]
[generative.ink/posts/clip-hallucinates-1900-2030/index.html]
[generative.ink/alternet/alternetbanner2.png]
[generative.ink/posts/clip-art/index.html]
[generative.ink/parsing/parsing_cover.png]
[generative.ink/posts/language-models-are-multiverse-generators/index.html]
[generative.ink/posts/index.html]
[generative.ink/categories/metaphysics/index.html]
[generative.ink/categories/physics/index.html]
[generative.ink/posts/the-internet-mirrored-by-gpt-3/index.html]
[generative.ink/posts/methods-of-prompt-programming/index.html]
[generative.ink/posts/parsing-by-counterfactual/index.html]
[generative.ink/posts/amplifying-gpt-3-on-closed-ended-questions/index.html]
[generative.ink/categories/rationality/index.html]
[generative.ink/trees/pen.html]
[generative.ink/posts/pen/index.html]
[generative.ink/categories/hypertext/index.html]
[generative.ink/posts/hitl-thought-experiment/index.html]
[generative.ink/trees/index.html]
[generative.ink/prophecies/index.html]
[generative.ink/trees/phaedrus.html]
[generative.ink/museum/DLA.png]
[generative.ink/about/index.html]
[generative.ink/curation/curation.png]
[generative.ink/curation/bits_zoom.gif]
[generative.ink/meta/curation/index.html]
[generative.ink/posts/quantifying-curation/index.html]
[generative.ink/hypertext/cev/cev-gpt/index.html]
[generative.ink/categories/hitl/index.xml]
[generative.ink/categories/hitl/index.html]
[generative.ink/hypertext/questions/index.html]
[generative.ink/artifacts/language-ex-machina/index.html]
[generative.ink/hypertext/purpose/index.html]
[generative.ink/hypertext/possible-before/index.html]
[generative.ink/categories/gpt-3/index.xml]
[generative.ink/hypertext/language-models/index.html]
[generative.ink/hypertext/intentional/index.html]
[generative.ink/categories/gpt-3/index.html]
[generative.ink/hypertext/includes/index.html]
[generative.ink/hypertext/human-writing/index.html]
[generative.ink/hypertext/hands/index.html]
[generative.ink/hypertext/generative/index.html]
[generative.ink/categories/bayes/index.xml]
[generative.ink/hypertext/first/index.html]
[generative.ink/categories/bayes/index.html]
[generative.ink/hypertext/expression-plummets/index.html]
[generative.ink/hypertext/debate/index.html]
[generative.ink/hypertext/data/index.html]
[generative.ink/hypertext/author/index.html]
[generative.ink/posts/gpt-3-on-coherent-extrapolated-volition/index.html]
[generative.ink/categories/hitl/page/2/index.html]
[generative.ink/hypertext/accelerated-rate/index.html]
[generative.ink/categories/gpt-3/page/2/index.html]
[generative.ink/categories/alignment/index.html]
[generative.ink/categories/alignment/index.xml]
[generative.ink/hypertext/cev/for-example/index.html]
[generative.ink/sorting/listsorting.png]
[generative.ink/sorting/interesting2.png]
[generative.ink/sorting/sum.png]
[generative.ink/posts/list-sorting-does-not-play-well-with-few-shot/index.html]
[generative.ink/loom/toc/index.html]
[generative.ink/categories/prompt-engineering/index.html]
[generative.ink/categories/prompt-engineering/index.xml]
[generative.ink/0shot/all_trans.png]
[generative.ink/0shot/fren.png]
[generative.ink/roish.png]
[generative.ink/french_english.png]
[generative.ink/posts/language-models-are-0-shot-interpreters/index.html]
[generative.ink/categories/benchmarks/index.xml]
[generative.ink/categories/benchmarks/index.html]
[generative.ink/categories/interpretability/index.xml]
[generative.ink/categories/interpretability/index.html]
[generative.ink/alchemicalmarriage/lt4.png]
[generative.ink/loom/read-darkmode.png]
[generative.ink/loom/tree-darkmode.png]
[generative.ink/img/poster.48.delayed]
[generative.ink/loom/editing.mp4]
[generative.ink/loom/node_expand_collapse.mp4]
[generative.ink/loom/subtree_ancestry.mp4]
[generative.ink/loom/tree-ops.mp4]
[generative.ink/loom/generation.mp4]
[generative.ink/loom/zoomout.mp4]
[generative.ink/loom/walk.mp4]
[generative.ink/loom/metadata-light.png]
[generative.ink/posts/loom-interface-to-the-multiverse/index.html]
[generative.ink/categories/prototypes/index.html]
[generative.ink/categories/prototypes/index.xml]
[generative.ink/museum/multiverse.png]
[generative.ink/museum/arch.png]
[generative.ink/museum/slm.png]
[generative.ink/museum/pab.png]
[generative.ink/museum/narcissus2.png]
[generative.ink/museum/lastsupper.png]
[generative.ink/museum/coffin.png]
[generative.ink/museum/bbd2.png]
[generative.ink/museum/doh.png]
[generative.ink/museum/tsm.png]
[generative.ink/museum/metatrans.png]
[generative.ink/museum/mcc.png]
[generative.ink/museum/manbottle.png]
[generative.ink/museum/absurd.png]
[generative.ink/museum/pga.png]
[generative.ink/museum/cba.png]
[generative.ink/museum/fish.png]
[generative.ink/museum/waste.png]
[generative.ink/museum/butterfly.png]
[generative.ink/museum/sleep.png]
[generative.ink/museum/fa.png]
[generative.ink/museum/washerwoman.png]
[generative.ink/museum/tpm.png]
[generative.ink/museum/tpm2.png]
[generative.ink/museum/variations3.png]
[generative.ink/museum/variations1.png]
[generative.ink/museum/variations2.png]
[generative.ink/museum/tragic.png]
[generative.ink/museum/tragic3.png]
[generative.ink/museum/tragic2.png]
[generative.ink/posts/this-museum-does-not-exist-gpt-3-x-clip/index.html]
[generative.ink/categories/clip/index.html]
[generative.ink/categories/clip/index.xml]
[generative.ink/categories/gpt-3-x-clip/index.xml]
[generative.ink/categories/gpt-3-x-clip/index.html]
[generative.ink/alchemicalmarriage/aa.png]
[generative.ink/alchemicalmarriage/aa2.png]
[generative.ink/alchemicalmarriage/aa3.png]
[generative.ink/alchemicalmarriage/aa4.png]
[generative.ink/alchemicalmarriage/aa5.png]
[generative.ink/alchemicalmarriage/am4.png]
[generative.ink/alchemicalmarriage/am.png]
[generative.ink/alchemicalmarriage/am2.png]
[generative.ink/alchemicalmarriage/am3.png]
[generative.ink/alchemicalmarriage/lt.png]
[generative.ink/alchemicalmarriage/lt2.png]
[generative.ink/alchemicalmarriage/lt3.png]
[generative.ink/alchemicalmarriage/spool.png]
[generative.ink/alchemicalmarriage/spool2.png]
[generative.ink/alchemicalmarriage/spool3.png]
[generative.ink/alchemicalmarriage/untwine.png]
[generative.ink/alchemicalmarriage/untwine2.png]
[generative.ink/alchemicalmarriage/wt2.png]
[generative.ink/alchemicalmarriage/wt3.png]
[generative.ink/alchemicalmarriage/wt4.png]
[generative.ink/alchemicalmarriage/md.png]
[generative.ink/alchemicalmarriage/md2.png]
[generative.ink/alchemicalmarriage/bb3.png]
[generative.ink/alchemicalmarriage/bb.png]
[generative.ink/alchemicalmarriage/shep.png]
[generative.ink/alchemicalmarriage/shep3.png]
[generative.ink/alchemicalmarriage/shep4.png]
[generative.ink/alchemicalmarriage/ob.png]
[generative.ink/alchemicalmarriage/ob2.png]
[generative.ink/alchemicalmarriage/ob3.png]
[generative.ink/alchemicalmarriage/strangemachines.png]
[generative.ink/alchemicalmarriage/strangemachines2.png]
[generative.ink/alchemicalmarriage/strangemachines3.png]
[generative.ink/alchemicalmarriage/DLA.png]
[generative.ink/alchemicalmarriage/wind.png]
[generative.ink/alchemicalmarriage/lasc.png]
[generative.ink/posts/alchemical-marriage-gpt-3-x-clip/index.html]
[generative.ink/worldbuilding/hospital2.png]
[generative.ink/worldbuilding/hospital.png]
[generative.ink/worldbuilding/hospitalhallway.png]
[generative.ink/worldbuilding/hospitalhallway2.png]
[generative.ink/worldbuilding/cafeteria.png]
[generative.ink/worldbuilding/cafeteria2.png]
[generative.ink/worldbuilding/parking_structure.png]
[generative.ink/worldbuilding/parking_structure2.png]
[generative.ink/worldbuilding/parking_structure3.png]
[generative.ink/worldbuilding/booth.png]
[generative.ink/worldbuilding/dreambillboard.png]
[generative.ink/worldbuilding/dreambillboard2.png]
[generative.ink/worldbuilding/billboard3.png]
[generative.ink/worldbuilding/billboard2.png]
[generative.ink/worldbuilding/billboard.png]
[generative.ink/worldbuilding/dinersmash2.png]
[generative.ink/worldbuilding/deserted.png]
[generative.ink/worldbuilding/leg.png]
[generative.ink/posts/gpt-3-x-clip-worldbuilding/index.html]
[generative.ink/categories/fiction/index.xml]
[generative.ink/categories/fiction/index.html]
[generative.ink/loom/tapestry/index.html]
[generative.ink/loom/weft/index.html]
[generative.ink/loom/exercises/index.html]
[generative.ink/loom/warp/index.html]
[generative.ink/years/1900s.png]
[generative.ink/years/1910s.png]
[generative.ink/years/1920s.png]
[generative.ink/years/1930s.png]
[generative.ink/years/1940s.png]
[generative.ink/years/1950s.png]
[generative.ink/years/1960s.png]
[generative.ink/years/1970s.png]
[generative.ink/years/1980s.png]
[generative.ink/years/1990s.png]
[generative.ink/years/2000s.png]
[generative.ink/years/2010s.png]
[generative.ink/years/2020s.png]
[generative.ink/years/2030s.png]
[generative.ink/years/si.png]
[generative.ink/posts/clip-hallucinates-1900-2030/index.html]
[generative.ink/clipart/diffraction-sample2-iter00600.png]
[generative.ink/clipart/diffraction-sample3-iter00600.png]
[generative.ink/clipart/alt.png]
[generative.ink/clipart/alt2.png]
[generative.ink/clipart/tir.png]
[generative.ink/clipart/tir2.png]
[generative.ink/clipart/2slit.png]
[generative.ink/clipart/2slit2.png]
[generative.ink/clipart/wpd.png]
[generative.ink/clipart/wpd2.png]
[generative.ink/clipart/therm2.png]
[generative.ink/clipart/therm3.png]
[generative.ink/clipart/therm4.png]
[generative.ink/clipart/ss.png]
[generative.ink/clipart/ss2.png]
[generative.ink/clipart/model.png]
[generative.ink/clipart/model2.png]
[generative.ink/clipart/model3.png]
[generative.ink/clipart/multi.png]
[generative.ink/clipart/multi2.png]
[generative.ink/clipart/fractal.png]
[generative.ink/clipart/fractal2.png]
[generative.ink/clipart/fractal3.png]
[generative.ink/clipart/sd.png]
[generative.ink/clipart/sd2.png]
[generative.ink/clipart/sd3.png]
[generative.ink/clipart/ja.png]
[generative.ink/clipart/ja2.png]
[generative.ink/clipart/ja3.png]
[generative.ink/clipart/freud.png]
[generative.ink/clipart/freud3.png]
[generative.ink/clipart/hp.png]
[generative.ink/clipart/sp.png]
[generative.ink/clipart/sp2.png]
[generative.ink/clipart/sp3.png]
[generative.ink/clipart/sp4.png]
[generative.ink/clipart/ld.png]
[generative.ink/clipart/ld2.png]
[generative.ink/clipart/ld3.png]
[generative.ink/clipart/df.png]
[generative.ink/clipart/df2.png]
[generative.ink/clipart/dm.png]
[generative.ink/clipart/did.png]
[generative.ink/clipart/did2.png]
[generative.ink/clipart/did3.png]
[generative.ink/clipart/dereal.png]
[generative.ink/clipart/dereal2.png]
[generative.ink/clipart/dereal3.png]
[generative.ink/clipart/dereal4.png]
[generative.ink/clipart/deperson.png]
[generative.ink/clipart/deperson2.png]
[generative.ink/clipart/schizo.png]
[generative.ink/clipart/schizo2.png]
[generative.ink/clipart/manic.png]
[generative.ink/clipart/manic2.png]
[generative.ink/clipart/epilepsy.png]
[generative.ink/clipart/epilepsy2.png]
[generative.ink/clipart/ana.png]
[generative.ink/clipart/ana2.png]
[generative.ink/clipart/drug.png]
[generative.ink/clipart/drug2.png]
[generative.ink/clipart/wow.png]
[generative.ink/clipart/mb.png]
[generative.ink/clipart/mb2.png]
[generative.ink/clipart/mb3.png]
[generative.ink/clipart/malware.png]
[generative.ink/clipart/ml.png]
[generative.ink/clipart/mlb.png]
[generative.ink/clipart/mlb2.png]
[generative.ink/clipart/nnml.png]
[generative.ink/clipart/nnml2.png]
[generative.ink/clipart/ann.png]
[generative.ink/clipart/ann2.png]
[generative.ink/clipart/ann3.png]
[generative.ink/clipart/ann4.png]
[generative.ink/clipart/si.png]
[generative.ink/clipart/si2.png]
[generative.ink/clipart/clip.png]
[generative.ink/clipart/clip2.png]
[generative.ink/clipart/artclip.png]
[generative.ink/clipart/dalisuperintelligence.png]
[generative.ink/clipart/dalisuperintelligence2.png]
[generative.ink/clipart/dalisuperintelligence3.png]
[generative.ink/clipart/mosaicsing.png]
[generative.ink/clipart/mosaicsing2.png]
[generative.ink/clipart/roman.png]
[generative.ink/clipart/roman2.png]
[generative.ink/clipart/roman3.png]
[generative.ink/clipart/senate.png]
[generative.ink/clipart/senate2.png]
[generative.ink/clipart/senate3.png]
[generative.ink/clipart/brutus.png]
[generative.ink/clipart/brutus2.png]
[generative.ink/clipart/brutus3.png]
[generative.ink/clipart/brutus4.png]
[generative.ink/clipart/1800sdg.png]
[generative.ink/clipart/1800sdg2.png]
[generative.ink/clipart/1800sdg3.png]
[generative.ink/clipart/pm.png]
[generative.ink/clipart/pm2.png]
[generative.ink/clipart/lb.png]
[generative.ink/clipart/lb2.png]
[generative.ink/clipart/lb3.png]
[generative.ink/clipart/lb4.png]
[generative.ink/clipart/lb5.png]
[generative.ink/clipart/carn.png]
[generative.ink/clipart/carn2.png]
[generative.ink/clipart/carn3.png]
[generative.ink/clipart/tfg.png]
[generative.ink/clipart/tfg2.png]
[generative.ink/clipart/ds.png]
[generative.ink/clipart/dreamgod.png]
[generative.ink/clipart/sgc.png]
[generative.ink/clipart/sgc2.png]
[generative.ink/clipart/sgc3.png]
[generative.ink/clipart/hyperreal.png]
[generative.ink/clipart/hyperreal2.png]
[generative.ink/clipart/hyperreal3.png]
[generative.ink/clipart/hm.png]
[generative.ink/clipart/irrealism.png]
[generative.ink/clipart/crab.png]
[generative.ink/clipart/crab2.png]
[generative.ink/clipart/cs.png]
[generative.ink/clipart/cs2.png]
[generative.ink/clipart/vb.png]
[generative.ink/posts/clip-art/index.html]
[generative.ink/multiverse/squid_dark.png]
[generative.ink/multiverse/squid_big.jpg]
[generative.ink/multiverse/single_generation.png]
[generative.ink/multiverse/multiverse_generation.png]
[generative.ink/loom/tapestry4.png]
[generative.ink/loom/tapestry1.png]
[generative.ink/multiverse/adaptive_dark.png]
[generative.ink/multiverse/adaptive.png]
[generative.ink/posts/language-models-are-multiverse-generators/index.html]
[generative.ink/alternet/existential-threat.html]
[generative.ink/categories/physics/index.xml]
[generative.ink/categories/physics/index.html]
[generative.ink/categories/metaphysics/index.html]
[generative.ink/categories/metaphysics/index.xml]
[generative.ink/artifacts/liar/index.html]
[generative.ink/artifacts/haunted-md/index.html]
[generative.ink/alternet/google_demo.mp4]
[generative.ink/alternet/memesphere.html]
[generative.ink/alternet/donut.html]
[generative.ink/alternet/holographic-hat.html]
[generative.ink/alternet/time-reversed.html]
[generative.ink/alternet/paperclip_maximizer.png]
[generative.ink/alternet/lucid-dreaming-wikipedia.html]
[generative.ink/alternet/paperclip-maximizer-wikipedia.html]
[generative.ink/alternet/wave-particle-wikipedia.html]
[generative.ink/alternet/wow-wikipedia.html]
[generative.ink/alternet/sleepy-joe-biden-wikipedia.html]
[generative.ink/alternet/avian.html]
[generative.ink/alternet/loom-of-time-wikipedia.html]
[generative.ink/alternet/treaty-wikipedia.html]
[generative.ink/alternet/gpt-3-wikipedia.html]
[generative.ink/posts/the-internet-mirrored-by-gpt-3/index.html]
[generative.ink/alternet/eleuther.html]
[generative.ink/posts/methods-of-prompt-programming/(https_/arxiv.org/abs/2102.15f.delayed]
[generative.ink/posts/methods-of-prompt-programming/index.html]
[generative.ink/parsing/log_vert.png]
[generative.ink/posts/parsing-by-counterfactual/index.html]
[generative.ink/posts/amplifying-gpt-3-on-closed-ended-questions/index.html]
[generative.ink/categories/rationality/index.xml]
[generative.ink/categories/rationality/index.html]
[generative.ink/multiverse/HITL_multiverse.jpg]
[generative.ink/posts/hitl-thought-experiment/index.html]
[generative.ink/categories/hypertext/index.xml]
[generative.ink/categories/hypertext/index.html]
[generative.ink/hypertext/same-time/index.html]
[generative.ink/hypertext/cev/now/index.html]
[generative.ink/posts/pen/index.html]
[generative.ink/trees/pen.html]
[generative.ink/hypertext/cev/wish/index.html]
[generative.ink/trees/phaedrus.html]
[generative.ink/meta/curation/index.html]
[generative.ink/hypertext/cev/cev-gpt/index.html]
[generative.ink/artifacts/language-ex-machina/index.html]
[generative.ink/hypertext/questions/index.html]
[generative.ink/hypertext/purpose/index.html]
[generative.ink/hypertext/possible-before/index.html]
[generative.ink/trees/opr/index.html]
[generative.ink/hypertext/language-models/index.html]
[generative.ink/hypertext/intentional/index.html]
[generative.ink/hypertext/short-essay/index.html]
[generative.ink/hypertext/species/index.html]
[generative.ink/hypertext/reading/index.html]
[generative.ink/hypertext/includes/index.html]
[generative.ink/hypertext/human-writing/index.html]
[generative.ink/hypertext/hands/index.html]
[generative.ink/hypertext/generative/index.html]
[generative.ink/hypertext/first/index.html]
[generative.ink/hypertext/expression-plummets/index.html]
[generative.ink/hypertext/debate/index.html]
[generative.ink/hypertext/data/index.html]
[generative.ink/hypertext/author/index.html]
[generative.ink/hypertext/accelerated-rate/index.html]
[generative.ink/hypertext/story/index.html]
[generative.ink/categories/hitl/page/2/index.html]
[generative.ink/hypertext/writing-a-book/index.html]
[generative.ink/categories/gpt-3/page/2/index.html]
[generative.ink/hypertext/cev/for-example/index.html]
[generative.ink/loom/toc/index.html]
[generative.ink/img/poster.html]
[generative.ink/artifacts/simulators/index.html]
[generative.ink/loom/tapestry/index.html]
[generative.ink/loom/exercises/index.html]
[generative.ink/loom/loommaster.png]
[generative.ink/categories/gpt-3/page/3/index.html]
[generative.ink/categories/hypertext/page/2/index.html]
[generative.ink/loom/tapestry9.png]
[generative.ink/loom/weft/index.html]
[generative.ink/loom/tapestry6.png]
[generative.ink/loom/jellyfish.png]
[generative.ink/loom/tapestry3.png]
[generative.ink/loom/warp/index.html]
[generative.ink/alternet/images/favicon.18a.delayed]
[generative.ink/alternet/results.css]
[generative.ink/alternet/images/googlelogo.png]
[generative.ink/alternet/images/x.png]
[generative.ink/alternet/images/grid.png]
[generative.ink/alternet/images/profpic.jpg]
[generative.ink/alternet/existential-threat.html]
[generative.ink/artifacts/haunted-md/index.html]
[generative.ink/artifacts/liar/index.html]
[generative.ink/alternet/memesphere.html]
[generative.ink/alternet/donut.html]
[generative.ink/alternet/holographic-hat.html]
[generative.ink/alternet/time-reversed.html]
[generative.ink/alternet/files/load_002.css]
[generative.ink/w/extensions/UniversalLanguageSelector/resources/images/back-grey-ltr.193432e.delayed]
[generative.ink/w/extensions/UniversalLanguageSelector/resources/images/display.1943760.delayed]
[generative.ink/w/extensions/UniversalLanguageSelector/resources/images/input.195f2c3.delayed]
[generative.ink/w/extensions/UniversalLanguageSelector/resources/images/language-base20.1967623.delayed]
[generative.ink/w/load.197816a.delayed]
[generative.ink/w/load.198982e.delayed]
[generative.ink/w/load.1992e9d.delayed]
[generative.ink/w/load.19a19c5.delayed]
[generative.ink/w/load.19bf755.delayed]
[generative.ink/w/load.19c3484.delayed]
[generative.ink/w/load.19d880c.delayed]
[generative.ink/w/load.19ecdfb.delayed]
[generative.ink/w/load.19f4d7a.delayed]
[generative.ink/w/load.1a0fe8f.delayed]
[generative.ink/w/load.1a1787b.delayed]
[generative.ink/w/load.1a22e85.delayed]
[generative.ink/w/load.1a33262.delayed]
[generative.ink/w/load.1a407a8.delayed]
[generative.ink/w/load.1a59b3b.delayed]
[generative.ink/alternet/files/load.css]
[generative.ink/wiki/File_lucid.1a7.delayed]
[generative.ink/alternet/files/lucid.png]
[generative.ink/w/index.1a9b0df.delayed]
[generative.ink/w/index.1aac2ef.delayed]
[generative.ink/w/index.1ab24cc.delayed]
[generative.ink/w/index.1ac367c.delayed]
[generative.ink/w/index.1ad223a.delayed]
[generative.ink/w/index.1aea3f0.delayed]
[generative.ink/w/index.1af125e.delayed]
[generative.ink/w/index.1b02fa5.delayed]
[generative.ink/w/index.1b10c82.delayed]
[generative.ink/alternet/ARTICLE_URL_CREATEACCOUNT.1b2.delayed]
[generative.ink/alternet/ARTICLE_URL_LOGIN.1b3.delayed]
[generative.ink/alternet/files/wikipedia.png]
[generative.ink/alternet/files/wikimedia-button.png]
[generative.ink/alternet/files/poweredby_mediawiki_88x31.png]
[generative.ink/alternet/lucid-dreaming-wikipedia.html]
[generative.ink/wiki/File_paperclip2.1b7.delayed]
[generative.ink/alternet/files/paperclip2.png]
[generative.ink/w/index.1b9a266.delayed]
[generative.ink/w/index.1bacabe.delayed]
[generative.ink/w/index.1bbdbef.delayed]
[generative.ink/w/index.1bc3ae7.delayed]
[generative.ink/w/index.1bdf530.delayed]
[generative.ink/alternet/paperclip-maximizer-wikipedia.html]
[generative.ink/wiki/File_waveparticle.1be.delayed]
[generative.ink/alternet/files/waveparticle.png]
[generative.ink/w/index.1c0807a.delayed]
[generative.ink/w/index.1c10954.delayed]
[generative.ink/w/index.1c24315.delayed]
[generative.ink/w/index.1c30a6f.delayed]
[generative.ink/w/index.1c4064d.delayed]
[generative.ink/w/index.1c5f28f.delayed]
[generative.ink/alternet/wave-particle-wikipedia.html]
[generative.ink/wiki/File_wow.1c6.delayed]
[generative.ink/alternet/files/wow.png]
[generative.ink/w/index.1c8fc26.delayed]
[generative.ink/w/index.1c9ddc9.delayed]
[generative.ink/w/index.1cad6de.delayed]
[generative.ink/w/index.1cb7420.delayed]
[generative.ink/alternet/wow-wikipedia.html]
[generative.ink/w/index.1ccd36a.delayed]
[generative.ink/w/index.1cd397d.delayed]
[generative.ink/w/index.1ce10a4.delayed]
[generative.ink/alternet/sleepy-joe-biden-wikipedia.html]
[generative.ink/wiki/File_carrierpigeon2.1cf.delayed]
[generative.ink/alternet/files/carrierpigeon2.png]
[generative.ink/w/index.1d16a75.delayed]
[generative.ink/w/index.1d2f62f.delayed]
[generative.ink/w/index.1d3e6b5.delayed]
[generative.ink/w/index.1d43999.delayed]
[generative.ink/w/index.1d559b1.delayed]
[generative.ink/alternet/avian.html]
[generative.ink/wiki/File_loom.1d6.delayed]
[generative.ink/alternet/files/loom.png]
[generative.ink/w/index.1d8434f.delayed]
[generative.ink/w/index.1d9cdbf.delayed]
[generative.ink/w/index.1dac166.delayed]
[generative.ink/w/index.1dbd8d6.delayed]
[generative.ink/alternet/loom-of-time-wikipedia.html]
[generative.ink/w/index.1dca6c4.delayed]
[generative.ink/w/index.1dd7c79.delayed]
[generative.ink/w/index.1def610.delayed]
[generative.ink/w/index.1df0a1c.delayed]
[generative.ink/w/index.1e0ad98.delayed]
[generative.ink/w/index.1e1254a.delayed]
[generative.ink/alternet/treaty-wikipedia.html]
[generative.ink/w/index.1e29196.delayed]
[generative.ink/alternet/gpt-3-wikipedia.html]
[generative.ink/w/index.1e35ea5.delayed]
[generative.ink/w/index.1e45739.delayed]
[generative.ink/alternet/eleuther.html]
[generative.ink/posts/methods-of-prompt-programming/(https_/arxiv.org/abs/2102.html]
[generative.ink/hypertext/same-time/index.html]
[generative.ink/hypertext/cev/now/index.html]
[generative.ink/hypertext/cev/wish/index.html]
[generative.ink/categories/hypertext/page/2/index.html]
[generative.ink/trees/opr/index.html]
[generative.ink/hypertext/reading/index.html]
[generative.ink/hypertext/short-essay/index.html]
[generative.ink/hypertext/species/index.html]
[generative.ink/hypertext/story/index.html]
[generative.ink/hypertext/writing-a-book/index.html]
[generative.ink/artifacts/simulators/index.html]
[generative.ink/categories/gpt-3/page/3/index.html]
[generative.ink/alternet/images/favicon.html]
[generative.ink/alternet/images/boxes.1f0.delayed]
[generative.ink/hypertext/themselves/index.html]
[generative.ink/hypertext/cev/cascade/index.html]
[generative.ink/alternet/images/bell.1f1.delayed]
[generative.ink/alternet/images/g.1f2.delayed]
[generative.ink/alternet/images/gle.1f3.delayed]
[generative.ink/alternet/results.css]
[generative.ink/alternet/files/load_002.css]
[generative.ink/w/extensions/UniversalLanguageSelector/resources/images/back-grey-ltr432e.html]
[generative.ink/w/extensions/UniversalLanguageSelector/resources/images/display3760.html]
[generative.ink/w/extensions/UniversalLanguageSelector/resources/images/inputf2c3.html]
[generative.ink/w/extensions/UniversalLanguageSelector/resources/images/language-base207623.html]
[generative.ink/w/load816a.html]
[generative.ink/w/load982e.html]
[generative.ink/w/load2e9d.html]
[generative.ink/w/load19c5.html]
[generative.ink/w/loadf755.html]
[generative.ink/w/load3484.html]
[generative.ink/w/load880c.html]
[generative.ink/w/loadcdfb.html]
[generative.ink/w/load4d7a.html]
[generative.ink/w/loadfe8f.html]
[generative.ink/w/load787b.html]
[generative.ink/w/load2e85.html]
[generative.ink/w/load3262.html]
[generative.ink/w/load07a8.html]
[generative.ink/w/load9b3b.html]
[generative.ink/alternet/files/load.css]
[generative.ink/wiki/File_lucid.html]
[generative.ink/w/indexb0df.html]
[generative.ink/w/indexc2ef.html]
[generative.ink/w/index24cc.html]
[generative.ink/w/index367c.html]
[generative.ink/w/index223a.html]
[generative.ink/w/indexa3f0.html]
[generative.ink/w/index125e.html]
[generative.ink/w/index2fa5.html]
[generative.ink/w/index0c82.html]
[generative.ink/alternet/ARTICLE_URL_CREATEACCOUNT.html]
[generative.ink/alternet/ARTICLE_URL_LOGIN.html]
[generative.ink/wiki/File_paperclip2.html]
[generative.ink/w/indexa266.html]
[generative.ink/w/indexcabe.html]
[generative.ink/w/indexdbef.html]
[generative.ink/w/index3ae7.html]
[generative.ink/w/indexf530.html]
[generative.ink/wiki/File_waveparticle.html]
[generative.ink/w/index807a.html]
[generative.ink/w/index0954.html]
[generative.ink/w/index4315.html]
[generative.ink/w/index0a6f.html]
[generative.ink/w/index064d.html]
[generative.ink/w/indexf28f.html]
[generative.ink/wiki/File_wow.html]
[generative.ink/w/indexfc26.html]
[generative.ink/w/indexddc9.html]
[generative.ink/w/indexd6de.html]
[generative.ink/w/index7420.html]
[generative.ink/w/indexd36a.html]
[generative.ink/w/index397d.html]
[generative.ink/w/index10a4.html]
[generative.ink/wiki/File_carrierpigeon2.html]
[generative.ink/w/index6a75.html]
[generative.ink/w/indexf62f.html]
[generative.ink/w/indexe6b5.html]
[generative.ink/w/index3999.html]
[generative.ink/w/index59b1.html]
[generative.ink/wiki/File_loom.html]
[generative.ink/w/index434f.html]
[generative.ink/w/indexcdbf.html]
[generative.ink/w/indexc166.html]
[generative.ink/w/indexd8d6.html]
[generative.ink/w/indexa6c4.html]
[generative.ink/w/index7c79.html]
[generative.ink/w/indexf610.html]
[generative.ink/w/index0a1c.html]
[generative.ink/w/indexad98.html]
[generative.ink/w/index254a.html]
[generative.ink/w/index9196.html]
[generative.ink/w/index5ea5.html]
[generative.ink/w/index5739.html]
[generative.ink/hypertext/cev/cascade/index.html]
[generative.ink/hypertext/themselves/index.html]
[generative.ink/alternet/images/boxes.html]
[generative.ink/alternet/images/bell.html]
[generative.ink/alternet/images/g.html]
[generative.ink/alternet/images/gle.html]
